// Jest Snapshot v1, https://goo.gl/fbAQLP

exports[`<Homepage /> renders 1`] = `
<div
  className="px-3 px-md-6 px-lg-0 topic-chart"
>
  <div
    className="Subhead"
  >
    <div
      className="Subhead-heading"
    >
      Topics in the general collection
    </div>
  </div>
  <p
    className="mb-3"
  >
    These are the topics in the
     
    <a
      href="/wiki/topics/df63295e-ee02-11e8-9e36-17d56b662bc8"
    >
      general collection
    </a>
    . Rotate and zoom in to explore.  Hover over a topic to see the label.  Click on a topic to visit its page.
  </p>
  <div
    className="mb-3 topic-chart-container"
  />
  <p
    className="mb-3"
  >
    Many of the topics above have subtopics and links associated with them. Making it easy to create and manage a network of topics facilitates keeping track of thousands of links.  Once a topic becomes too crowded, it can be cleaned up by moving links into one or more subtopics.
  </p>
</div>
`;
