// Jest Snapshot v1, https://goo.gl/fbAQLP

exports[`<Homepage /> renders 1`] = `
<div
  className="topic-chart"
>
  <div
    className="Subhead"
  >
    <div
      className="Subhead-heading"
    >
      Topics in the general collection
    </div>
  </div>
  <p
    className="mb-3"
  >
    These are the topics in the
     
    <a
      href="/wiki/topics/df63295e-ee02-11e8-9e36-17d56b662bc8"
    >
      general collection
    </a>
    . Rotate and zoom in to explore.  Hover over a topic to see the label.  Click on the topic to visit its page.
  </p>
</div>
`;
