// Jest Snapshot v1, https://goo.gl/fbAQLP

exports[`<Header /> renders 1`] = `
<header
  className="Header pagehead pb-3"
>
  <div
    className="container-lg clearfix"
  >
    <nav
      className="d-lg-flex float-left"
    >
      <h1
        className="h3 mt-2 text-normal"
      >
        <Link
          className="text-gray-dark n-link no-underline"
          to="/some-repo/topics/123"
        >
          <span
            className="mr-2 d-inline-block"
          >
            <Octicon
              name="git-branch"
              style={
                Object {
                  "verticalAlign": "middle",
                }
              }
            />
          </span>
          Digraph
        </Link>
      </h1>
    </nav>
    <div
      className="d-lg-flex float-right mt-1"
    >
      <ul
        className="user-nav d-lg-flex list-style-none"
      >
        <li
          className="dropdown"
        >
          <ViewerDropdown
            viewer={
              Object {
                "defaultRepository": Object {
                  "rootTopic": Object {
                    "resourcePath": "/some-repo/topics/123",
                  },
                },
                "name": "Frotz",
              }
            }
          />
        </li>
      </ul>
    </div>
  </div>
</header>
`;
