// Jest Snapshot v1, https://goo.gl/fbAQLP

exports[`<DesktopNav /> renders 1`] = `
<header
  className="header d-flex py-1"
>
  <nav
    className="flex-self-center d-inline-block"
  >
    <h1
      className="h3 text-normal"
    >
      <Link
        className="primaryLogo text-gray-dark n-link no-underline d-flex"
        to="/"
      >
        <div
          className="mr-2 d-inline-block"
        >
          <_default
            height="28px"
            width="28px"
          />
        </div>
        Digraph
      </Link>
    </h1>
  </nav>
  <nav
    className="userNav flex-self-center"
  >
    <a
      className="text-gray-dark px-2"
      href="https://blog.digraph.app"
    >
      Blog
    </a>
    <Link
      className="text-gray-dark px-2"
      id="recent-activity"
      to="/recent"
    >
      Recent
    </Link>
    <Link
      className="text-gray-dark px-2"
      to={
        Object {
          "pathname": "/wiki/topics/df63295e-ee02-11e8-9e36-17d56b662bc8",
          "state": Object {
            "itemTitle": "Everything",
            "orgLogin": "wiki",
            "repoName": "General collection",
          },
        }
      }
    >
      Everything
    </Link>
    <ForwardRef(Relay(UserNav))
      viewer={
        Object {
          "defaultRepository": Object {
            "rootTopic": Object {
              "resourcePath": "/some-repo/topics/123",
            },
          },
          "name": "Frotz",
        }
      }
    />
  </nav>
</header>
`;
