// Jest Snapshot v1, https://goo.gl/fbAQLP

exports[`<TopicPage /> renders 1`] = `
<div>
  <Breadcrumbs
    repository={
      Object {
        "displayName": "Private collection",
        "isPrivate": true,
      }
    }
  />
  <Subhead
    heading="Frotz"
  />
  <div
    className="two-thirds column pl-0"
  >
    <Component
      hasItems={false}
      placeholder="There are no items in this list."
    />
  </div>
  <div
    className="one-third column pr-0"
  >
    <Component
      items={Array []}
      title="Parent topics"
    />
    <AddTopic
      topic={
        Object {
          "name": "Frotz",
        }
      }
      view={
        Object {
          "repository": Object {
            "displayName": "Private collection",
            "isPrivate": true,
          },
        }
      }
    />
    <AddLink
      topic={
        Object {
          "name": "Frotz",
        }
      }
      view={
        Object {
          "repository": Object {
            "displayName": "Private collection",
            "isPrivate": true,
          },
        }
      }
    />
  </div>
</div>
`;
