// Jest Snapshot v1, https://goo.gl/fbAQLP

exports[`<TopicPage /> renders 1`] = `
<div
  className="px-3 px-md-6 px-lg-0"
>
  <ForwardRef(Relay(Breadcrumbs))
    repository={
      Object {
        "displayName": "Private collection",
        "isPrivate": true,
      }
    }
  />
  <ForwardRef(Relay(Subhead))
    heading="Frotz"
    renderHeadingDetail={[Function]}
    view={
      Object {
        "currentRepository": Object {
          "displayName": "Private collection",
          "isPrivate": true,
        },
        "viewer": Object {
          "isGuest": false,
        },
      }
    }
  />
  <Columns>
    <RightColumn>
      <_default
        items={Array []}
        repoName="Private collection"
        title="Parent topics"
      />
      <ForwardRef(Relay(AddForm))
        topic={
          Object {
            "displayName": "Frotz",
          }
        }
        viewer={
          Object {
            "isGuest": false,
          }
        }
      />
    </RightColumn>
    <LeftColumn>
      <_default
        hasItems={false}
        placeholder="There are no items in this list."
      />
    </LeftColumn>
  </Columns>
</div>
`;
