// Jest Snapshot v1, https://goo.gl/fbAQLP

exports[`<AddTopic /> renders 1`] = `
ShallowWrapper {
  "length": 1,
  Symbol(enzyme.__root__): [Circular],
  Symbol(enzyme.__unrendered__): <AddTopic
    organization={
      Object {
        "resourceId": "organization:tyrell",
      }
    }
  />,
  Symbol(enzyme.__renderer__): Object {
    "batchedUpdates": [Function],
    "getNode": [Function],
    "render": [Function],
    "simulateEvent": [Function],
    "unmount": [Function],
  },
  Symbol(enzyme.__node__): Object {
    "instance": null,
    "key": undefined,
    "nodeType": "host",
    "props": Object {
      "children": <dl
        className="form-group"
      >
        <dd>
          <input
            className="form-control test-topic-name"
            onChange={[Function]}
            placeholder="Topic"
            value=""
          />
        </dd>
        <button
          className="d-inline-block btn btn-secondary mt-2"
          onClick={[Function]}
          size="sm"
        >
          Add
        </button>
      </dl>,
    },
    "ref": null,
    "rendered": Object {
      "instance": null,
      "key": undefined,
      "nodeType": "host",
      "props": Object {
        "children": Array [
          <dd>
            <input
              className="form-control test-topic-name"
              onChange={[Function]}
              placeholder="Topic"
              value=""
            />
          </dd>,
          <button
            className="d-inline-block btn btn-secondary mt-2"
            onClick={[Function]}
            size="sm"
          >
            Add
          </button>,
        ],
        "className": "form-group",
      },
      "ref": null,
      "rendered": Array [
        Object {
          "instance": null,
          "key": undefined,
          "nodeType": "host",
          "props": Object {
            "children": <input
              className="form-control test-topic-name"
              onChange={[Function]}
              placeholder="Topic"
              value=""
            />,
          },
          "ref": null,
          "rendered": Object {
            "instance": null,
            "key": undefined,
            "nodeType": "host",
            "props": Object {
              "className": "form-control test-topic-name",
              "onChange": [Function],
              "placeholder": "Topic",
              "value": "",
            },
            "ref": null,
            "rendered": null,
            "type": "input",
          },
          "type": "dd",
        },
        Object {
          "instance": null,
          "key": undefined,
          "nodeType": "host",
          "props": Object {
            "children": "Add",
            "className": "d-inline-block btn btn-secondary mt-2",
            "onClick": [Function],
            "size": "sm",
          },
          "ref": null,
          "rendered": "Add",
          "type": "button",
        },
      ],
      "type": "dl",
    },
    "type": "div",
  },
  Symbol(enzyme.__nodes__): Array [
    Object {
      "instance": null,
      "key": undefined,
      "nodeType": "host",
      "props": Object {
        "children": <dl
          className="form-group"
        >
          <dd>
            <input
              className="form-control test-topic-name"
              onChange={[Function]}
              placeholder="Topic"
              value=""
            />
          </dd>
          <button
            className="d-inline-block btn btn-secondary mt-2"
            onClick={[Function]}
            size="sm"
          >
            Add
          </button>
        </dl>,
      },
      "ref": null,
      "rendered": Object {
        "instance": null,
        "key": undefined,
        "nodeType": "host",
        "props": Object {
          "children": Array [
            <dd>
              <input
                className="form-control test-topic-name"
                onChange={[Function]}
                placeholder="Topic"
                value=""
              />
            </dd>,
            <button
              className="d-inline-block btn btn-secondary mt-2"
              onClick={[Function]}
              size="sm"
            >
              Add
            </button>,
          ],
          "className": "form-group",
        },
        "ref": null,
        "rendered": Array [
          Object {
            "instance": null,
            "key": undefined,
            "nodeType": "host",
            "props": Object {
              "children": <input
                className="form-control test-topic-name"
                onChange={[Function]}
                placeholder="Topic"
                value=""
              />,
            },
            "ref": null,
            "rendered": Object {
              "instance": null,
              "key": undefined,
              "nodeType": "host",
              "props": Object {
                "className": "form-control test-topic-name",
                "onChange": [Function],
                "placeholder": "Topic",
                "value": "",
              },
              "ref": null,
              "rendered": null,
              "type": "input",
            },
            "type": "dd",
          },
          Object {
            "instance": null,
            "key": undefined,
            "nodeType": "host",
            "props": Object {
              "children": "Add",
              "className": "d-inline-block btn btn-secondary mt-2",
              "onClick": [Function],
              "size": "sm",
            },
            "ref": null,
            "rendered": "Add",
            "type": "button",
          },
        ],
        "type": "dl",
      },
      "type": "div",
    },
  ],
  Symbol(enzyme.__options__): Object {
    "adapter": ReactSixteenAdapter {
      "options": Object {
        "enableComponentDidUpdateOnSetState": true,
      },
    },
  },
}
`;
