// Jest Snapshot v1, https://goo.gl/fbAQLP

exports[`<Synonyms /> renders 1`] = `
<dl
  className="form-group"
>
  <label
    htmlFor="names-and-synonyms"
  >
    Names and synonyms
  </label>
  <ul
    className="Box list-style-none mt-1 mb-2"
  >
    <SynonymList
      canUpdate={true}
      onDelete={[Function]}
      onUpdate={[Function]}
      synonyms={
        Object {
          "edges": Array [
            Object {
              "node": Object {
                "id": "1234",
                "name": "Gnusto",
              },
            },
          ],
        }
      }
    />
  </ul>
  <div
    className="clearfix"
  >
    <input
      className="form-control col-12 col-lg-10 mr-2"
      id="names-and-synonyms"
      onChange={[Function]}
      value=""
    />
    <div
      className="col-12 col-lg-3 mt-2 d-inline-block"
    >
      <select
        className="form-select mr-2"
        onChange={[Function]}
      >
        <option>
          en
        </option>
        <option>
          ar
        </option>
        <option>
          de
        </option>
        <option>
          el
        </option>
        <option>
          es
        </option>
        <option>
          fa
        </option>
        <option>
          fi
        </option>
        <option>
          fr
        </option>
        <option>
          hi
        </option>
        <option>
          it
        </option>
        <option>
          ja
        </option>
        <option>
          ji
        </option>
        <option>
          ko
        </option>
        <option>
          la
        </option>
        <option>
          nl
        </option>
        <option>
          no
        </option>
        <option>
          pt
        </option>
        <option>
          ru
        </option>
        <option>
          sv
        </option>
        <option>
          tr
        </option>
        <option>
          uk
        </option>
        <option>
          zh
        </option>
      </select>
      <button
        className="btn"
        onClick={[Function]}
        type="button"
      >
        Add
      </button>
    </div>
  </div>
</dl>
`;
