// Jest Snapshot v1, https://goo.gl/fbAQLP

exports[`<FilterInput /> renders 1`] = `
<form
  className="searchBoxInnerSearchBox input-group"
  onSubmit={[Function]}
>
  <TextInput
    handleReturn={[Function]}
    queryInfo={Object {}}
  />
  <div
    className="input-group-button searchBoxInnerButtonContainer"
  >
    <button
      className="btn searchBoxInnerButton"
      type="button"
    >
      Everything
    </button>
  </div>
</form>
`;
