// Jest Snapshot v1, https://goo.gl/fbAQLP

exports[`<Layout /> renders 1`] = `
<div
  className="layoutComponent"
>
  <_default
    location={
      Object {
        "query": Object {
          "q": "",
        },
        "search": "",
      }
    }
    router={
      Object {
        "push": [MockFunction],
      }
    }
    view={
      Object {
        "viewer": Object {},
      }
    }
    viewer={Object {}}
  />
  <div
    className="clearfix"
  >
    <SelectedRepo
      viewer={Object {}}
    />
    <FlashMessages />
    <div>
      some view
    </div>
  </div>
  <Footer />
</div>
`;
