// Jest Snapshot v1, https://goo.gl/fbAQLP

exports[`<TopicPage /> renders 1`] = `
<Page>
  <Relay(Breadcrumbs)
    repository={
      Object {
        "displayName": "Private collection",
        "isPrivate": true,
      }
    }
  />
  <Subhead
    heading="Frotz"
    renderHeadingDetail={[Function]}
  />
  <Columns>
    <RightColumn>
      <_default
        items={Array []}
        placeholder="There are no parent topics for this topic."
        repoName="Private collection"
        title="Parent topics"
      />
      <div
        className="Box Box--condensed mb-3"
      >
        <div
          className="Box-header"
        >
          <span
            className="Box-title"
          >
            This topic
          </span>
        </div>
        <ul>
          <li
            className="Box-row"
          >
            <Link
              className="Box-row-link"
              to={
                Object {
                  "pathname": "undefined/recent",
                  "query": Object {},
                  "search": "",
                  "state": Object {
                    "itemTitle": "Frotz",
                    "orgLogin": undefined,
                    "repoName": "Private collection",
                  },
                }
              }
            >
              Recent activity
            </Link>
          </li>
          <li
            className="Box-row"
          >
            <Link
              className="Box-row-link"
              to={
                Object {
                  "pathname": "undefined/review",
                  "query": Object {},
                  "search": "",
                  "state": Object {
                    "itemTitle": "Frotz",
                    "orgLogin": undefined,
                    "repoName": "Private collection",
                  },
                }
              }
            >
              Links to review
            </Link>
          </li>
        </ul>
      </div>
      <Relay(AddForm)
        topic={
          Object {
            "displayName": "Frotz",
          }
        }
        viewer={
          Object {
            "isGuest": false,
          }
        }
      />
    </RightColumn>
    <LeftColumn>
      <_default
        hasItems={false}
        placeholder="There are no items in this list."
      />
    </LeftColumn>
  </Columns>
</Page>
`;
