// Jest Snapshot v1, https://goo.gl/fbAQLP

exports[`<Layout /> renders 1`] = `
<div>
  <div
    className="container"
  >
    <Header />
    <FlashMessages
      message={null}
    />
    <div>
      some view
    </div>
  </div>
  <div
    className="container"
  >
    <footer
      className="my-6 pt-4 border-top"
    >
      <p
        className="mb-2"
      >
        Available for use under the MIT
         
        <a
          href="https://github.com/emwalker/digraph/blob/master/LICENSE.md"
        >
          license
        </a>
        . © Eric Walker.
      </p>
    </footer>
  </div>
</div>
`;
