// Jest Snapshot v1, https://goo.gl/fbAQLP

exports[`<Layout /> renders 1`] = `
ShallowWrapper {
  "length": 1,
  Symbol(enzyme.__root__): [Circular],
  Symbol(enzyme.__unrendered__): <Layout>
    <div>
      some view
    </div>
  </Layout>,
  Symbol(enzyme.__renderer__): Object {
    "batchedUpdates": [Function],
    "getNode": [Function],
    "render": [Function],
    "simulateEvent": [Function],
    "unmount": [Function],
  },
  Symbol(enzyme.__node__): Object {
    "instance": null,
    "key": undefined,
    "nodeType": "host",
    "props": Object {
      "children": Array [
        <div
          className="container"
        >
          <div
            className="pagehead"
          >
            <h1>
              Digraph
            </h1>
          </div>
          <div>
            some view
          </div>
        </div>,
        <div
          className="container"
        >
          <footer
            className="my-6 pt-4 border-top"
          >
            <p
              className="mb-2"
            >
              Available for use under the MIT
               
              <a
                href="https://github.com/emwalker/digraph/blob/master/LICENSE.md"
              >
                license
              </a>
              . © Eric Walker.
            </p>
          </footer>
        </div>,
      ],
    },
    "ref": null,
    "rendered": Array [
      Object {
        "instance": null,
        "key": undefined,
        "nodeType": "host",
        "props": Object {
          "children": Array [
            <div
              className="pagehead"
            >
              <h1>
                Digraph
              </h1>
            </div>,
            <div>
              some view
            </div>,
          ],
          "className": "container",
        },
        "ref": null,
        "rendered": Array [
          Object {
            "instance": null,
            "key": undefined,
            "nodeType": "host",
            "props": Object {
              "children": <h1>
                Digraph
              </h1>,
              "className": "pagehead",
            },
            "ref": null,
            "rendered": Object {
              "instance": null,
              "key": undefined,
              "nodeType": "host",
              "props": Object {
                "children": "Digraph",
              },
              "ref": null,
              "rendered": "Digraph",
              "type": "h1",
            },
            "type": "div",
          },
          Object {
            "instance": null,
            "key": undefined,
            "nodeType": "host",
            "props": Object {
              "children": "some view",
            },
            "ref": null,
            "rendered": "some view",
            "type": "div",
          },
        ],
        "type": "div",
      },
      Object {
        "instance": null,
        "key": undefined,
        "nodeType": "host",
        "props": Object {
          "children": <footer
            className="my-6 pt-4 border-top"
          >
            <p
              className="mb-2"
            >
              Available for use under the MIT
               
              <a
                href="https://github.com/emwalker/digraph/blob/master/LICENSE.md"
              >
                license
              </a>
              . © Eric Walker.
            </p>
          </footer>,
          "className": "container",
        },
        "ref": null,
        "rendered": Object {
          "instance": null,
          "key": undefined,
          "nodeType": "host",
          "props": Object {
            "children": <p
              className="mb-2"
            >
              Available for use under the MIT
               
              <a
                href="https://github.com/emwalker/digraph/blob/master/LICENSE.md"
              >
                license
              </a>
              . © Eric Walker.
            </p>,
            "className": "my-6 pt-4 border-top",
          },
          "ref": null,
          "rendered": Object {
            "instance": null,
            "key": undefined,
            "nodeType": "host",
            "props": Object {
              "children": Array [
                "Available for use under the MIT",
                " ",
                <a
                  href="https://github.com/emwalker/digraph/blob/master/LICENSE.md"
                >
                  license
                </a>,
                ". © Eric Walker.",
              ],
              "className": "mb-2",
            },
            "ref": null,
            "rendered": Array [
              "Available for use under the MIT",
              " ",
              Object {
                "instance": null,
                "key": undefined,
                "nodeType": "host",
                "props": Object {
                  "children": "license",
                  "href": "https://github.com/emwalker/digraph/blob/master/LICENSE.md",
                },
                "ref": null,
                "rendered": "license",
                "type": "a",
              },
              ". © Eric Walker.",
            ],
            "type": "p",
          },
          "type": "footer",
        },
        "type": "div",
      },
    ],
    "type": "div",
  },
  Symbol(enzyme.__nodes__): Array [
    Object {
      "instance": null,
      "key": undefined,
      "nodeType": "host",
      "props": Object {
        "children": Array [
          <div
            className="container"
          >
            <div
              className="pagehead"
            >
              <h1>
                Digraph
              </h1>
            </div>
            <div>
              some view
            </div>
          </div>,
          <div
            className="container"
          >
            <footer
              className="my-6 pt-4 border-top"
            >
              <p
                className="mb-2"
              >
                Available for use under the MIT
                 
                <a
                  href="https://github.com/emwalker/digraph/blob/master/LICENSE.md"
                >
                  license
                </a>
                . © Eric Walker.
              </p>
            </footer>
          </div>,
        ],
      },
      "ref": null,
      "rendered": Array [
        Object {
          "instance": null,
          "key": undefined,
          "nodeType": "host",
          "props": Object {
            "children": Array [
              <div
                className="pagehead"
              >
                <h1>
                  Digraph
                </h1>
              </div>,
              <div>
                some view
              </div>,
            ],
            "className": "container",
          },
          "ref": null,
          "rendered": Array [
            Object {
              "instance": null,
              "key": undefined,
              "nodeType": "host",
              "props": Object {
                "children": <h1>
                  Digraph
                </h1>,
                "className": "pagehead",
              },
              "ref": null,
              "rendered": Object {
                "instance": null,
                "key": undefined,
                "nodeType": "host",
                "props": Object {
                  "children": "Digraph",
                },
                "ref": null,
                "rendered": "Digraph",
                "type": "h1",
              },
              "type": "div",
            },
            Object {
              "instance": null,
              "key": undefined,
              "nodeType": "host",
              "props": Object {
                "children": "some view",
              },
              "ref": null,
              "rendered": "some view",
              "type": "div",
            },
          ],
          "type": "div",
        },
        Object {
          "instance": null,
          "key": undefined,
          "nodeType": "host",
          "props": Object {
            "children": <footer
              className="my-6 pt-4 border-top"
            >
              <p
                className="mb-2"
              >
                Available for use under the MIT
                 
                <a
                  href="https://github.com/emwalker/digraph/blob/master/LICENSE.md"
                >
                  license
                </a>
                . © Eric Walker.
              </p>
            </footer>,
            "className": "container",
          },
          "ref": null,
          "rendered": Object {
            "instance": null,
            "key": undefined,
            "nodeType": "host",
            "props": Object {
              "children": <p
                className="mb-2"
              >
                Available for use under the MIT
                 
                <a
                  href="https://github.com/emwalker/digraph/blob/master/LICENSE.md"
                >
                  license
                </a>
                . © Eric Walker.
              </p>,
              "className": "my-6 pt-4 border-top",
            },
            "ref": null,
            "rendered": Object {
              "instance": null,
              "key": undefined,
              "nodeType": "host",
              "props": Object {
                "children": Array [
                  "Available for use under the MIT",
                  " ",
                  <a
                    href="https://github.com/emwalker/digraph/blob/master/LICENSE.md"
                  >
                    license
                  </a>,
                  ". © Eric Walker.",
                ],
                "className": "mb-2",
              },
              "ref": null,
              "rendered": Array [
                "Available for use under the MIT",
                " ",
                Object {
                  "instance": null,
                  "key": undefined,
                  "nodeType": "host",
                  "props": Object {
                    "children": "license",
                    "href": "https://github.com/emwalker/digraph/blob/master/LICENSE.md",
                  },
                  "ref": null,
                  "rendered": "license",
                  "type": "a",
                },
                ". © Eric Walker.",
              ],
              "type": "p",
            },
            "type": "footer",
          },
          "type": "div",
        },
      ],
      "type": "div",
    },
  ],
  Symbol(enzyme.__options__): Object {
    "adapter": ReactSixteenAdapter {
      "options": Object {
        "enableComponentDidUpdateOnSetState": true,
      },
    },
  },
}
`;
