// Jest Snapshot v1, https://goo.gl/fbAQLP

exports[`<Layout /> renders 1`] = `
<div
  className="layout"
>
  <Header />
  <div
    className="container-lg clearfix"
  >
    <FlashMessages
      initialAlerts={Array []}
    />
    <div>
      some view
    </div>
  </div>
  <footer>
    <div
      className="container-lg px-3 px-md-6 px-lg-0 my-6 pt-2 border-top"
    >
      <p
        className="mb-2"
      >
        Available for use under the MIT
         
        <a
          href="https://github.com/emwalker/digraph/blob/master/LICENSE.md"
        >
          license
        </a>
        . © Eric Walker.
      </p>
    </div>
  </footer>
</div>
`;
