// Jest Snapshot v1, https://goo.gl/fbAQLP

exports[`<FilterInput /> renders 1`] = `
<div
  className="form-group mb-1 mt-1"
>
  <input
    aria-label="Search"
    className="form-control"
    onChange={[Function]}
    onKeyPress={[Function]}
    placeholder="Search"
    type="search"
    value="some search phrase"
  />
</div>
`;
