// Jest Snapshot v1, https://goo.gl/fbAQLP

exports[`<FilterInput /> renders 1`] = `
<form
  className="searchBox input-group"
  onSubmit={[Function]}
>
  <span
    className="input-group-button"
  >
    <button
      className="btn"
      type="button"
    >
      Everything
    </button>
  </span>
  <input
    aria-label="Search"
    className="form-control searchInput"
    defaultValue=""
    onKeyPress={[Function]}
    placeholder="Search"
    type="search"
  />
</form>
`;
