// Jest Snapshot v1, https://goo.gl/fbAQLP

exports[`<LoadingPage /> renders 1`] = `
<Page>
  <div
    className="Subhead clearfix gutter"
  >
    <div
      className="Subhead-heading col-lg-8 col-12"
    >
      Some title
    </div>
    <Placeholder />
  </div>
  <div>
    <Columns>
      <RightColumn>
        <_default
          items={Array []}
          placeholder="There are no parent topics for this topic."
          title="Parent topics"
        />
      </RightColumn>
      <LeftColumn>
        <div
          className="blankslate"
        >
          <p>
            Searching the computers for items ...
          </p>
        </div>
      </LeftColumn>
    </Columns>
  </div>
</Page>
`;
