// Jest Snapshot v1, https://goo.gl/fbAQLP

exports[`<LoadingPage /> renders 1`] = `
<Page>
  <div
    className="Subhead clearfix gutter"
  >
    <div
      className="Subhead-heading col-lg-8 col-12"
    >
      Some title
    </div>
    <Relay(SearchBox)
      className="col-lg-4 col-12"
      location={
        Object {
          "pathname": "/some/path",
          "state": Object {
            "itemTitle": "Some title",
            "orgLogin": "Gnusto",
            "repoName": "General collection",
          },
        }
      }
      value=""
    />
  </div>
  <div>
    <Columns>
      <RightColumn>
        <_default
          items={Array []}
          placeholder="There are no parent topics for this topic."
          title="Parent topics"
        />
      </RightColumn>
      <LeftColumn>
        <div
          className="blankslate"
        >
          <p>
            Searching the computers for items ...
          </p>
        </div>
      </LeftColumn>
    </Columns>
  </div>
</Page>
`;
