// Jest Snapshot v1, https://goo.gl/fbAQLP

exports[`<Synonyms /> renders 1`] = `
<dl
  className="form-group"
>
  <label
    htmlFor="names-and-synonyms"
  >
    Names and synonyms
  </label>
  <ul
    className="Box list-style-none mt-1 mb-2"
  >
    <SynonymList
      onAdd={[Function]}
      onDelete={[Function]}
      onUpdate={[Function]}
      synonyms={
        Object {
          "edges": Array [
            Object {
              "node": Object {
                "id": "1234",
                "name": "Gnusto",
              },
            },
          ],
        }
      }
      topic={
        Object {
          "synonyms": Object {
            "edges": Array [
              Object {
                "node": Object {
                  "id": "1234",
                  "name": "Gnusto",
                },
              },
            ],
          },
          "viewerCanDeleteSynonyms": true,
        }
      }
    />
  </ul>
  <div
    className="clearfix"
  >
    <input
      className="form-control col-10 mr-2"
      id="names-and-synonyms"
      onChange={[Function]}
      value=""
    />
    <select
      className="form-select col-1 mr-2"
      onChange={[Function]}
    >
      <option>
        en
      </option>
      <option>
        es
      </option>
      <option>
        fr
      </option>
    </select>
  </div>
</dl>
`;
